time="2025-11-28T13:53:42+07:00" level=warning msg="D:\\lims-lite\\docker-compose.yml: the attribute `version` is obsolete, it will be ignored, please remove it to avoid potential confusion"
SET
Timing is on.
============================================================================
ASSAY MANAGEMENT TEST SUITE
============================================================================

>>> Setting up test data...
DO
Time: 5.639 ms
INSERT 0 0
Time: 10.510 ms
INSERT 0 0
Time: 1.150 ms
INSERT 0 0
Time: 0.548 ms
DO
Time: 72.715 ms
Γ£ô Test data created

============================================================================
TEST 1: Get All Assay Definitions (getAssayDefinitions)
============================================================================
                  id                  |          name           |              method_id               |        method_name        |     units     |                                         validation_rules                                         |          created_at           |          updated_at           
--------------------------------------+-------------------------+--------------------------------------+---------------------------+---------------+--------------------------------------------------------------------------------------------------+-------------------------------+-------------------------------
 22ddae36-d21f-4289-b7f7-638747663b02 | ALT (SGPT)              | 00000000-0000-0000-0000-000000000005 | Clinical Biochemistry     | U/L           | {"max": 1000, "min": 0, "type": "numeric"}                                                       | 2025-11-28 01:15:28.196122+00 | 2025-11-28 01:15:28.196122+00
 512be0cf-c5b1-4fcd-9b07-190141f5377e | AST (SGOT)              | 00000000-0000-0000-0000-000000000005 | Clinical Biochemistry     | U/L           | {"max": 1000, "min": 0, "type": "numeric"}                                                       | 2025-11-28 01:15:28.196122+00 | 2025-11-28 01:15:28.196122+00
 0f1de332-7c6a-4f42-8f2a-ddd5ebedba8a | Albumin                 | 00000000-0000-0000-0000-000000000005 | Clinical Biochemistry     | g/dL          | {"max": 10, "min": 0, "type": "numeric"}                                                         | 2025-11-28 01:15:28.196122+00 | 2025-11-28 01:15:28.196122+00
 60f5032c-3eb3-40be-a60d-6717f932b9b0 | Aluminum                | 00000000-0000-0000-0000-000000000003 | Standard Methods 23rd Ed. | mg/L          | {"max": 10, "min": 0, "type": "numeric"}                                                         | 2025-11-28 01:15:28.158927+00 | 2025-11-28 01:15:28.158927+00
 242fb564-2d7e-44f9-ad36-1928c671ab0f | Antimony                | 00000000-0000-0000-0000-000000000003 | Standard Methods 23rd Ed. | mg/L          | {"max": 1, "min": 0, "type": "numeric"}                                                          | 2025-11-28 01:15:28.158927+00 | 2025-11-28 01:15:28.158927+00
 b3b2b6e3-c4c2-4eda-b2a2-e2481d55cba6 | Arsenic                 | 00000000-0000-0000-0000-000000000003 | Standard Methods 23rd Ed. | mg/L          | {"max": 0.5, "min": 0, "type": "numeric"}                                                        | 2025-11-28 01:15:28.158927+00 | 2025-11-28 01:15:28.158927+00
 7efe8f35-0580-4880-8b08-b48006d3d1e2 | Barium                  | 00000000-0000-0000-0000-000000000003 | Standard Methods 23rd Ed. | mg/L          | {"max": 10, "min": 0, "type": "numeric"}                                                         | 2025-11-28 01:15:28.158927+00 | 2025-11-28 01:15:28.158927+00
 41b876b0-6a63-4e25-8d9d-39766b42e7ab | Beryllium               | 00000000-0000-0000-0000-000000000003 | Standard Methods 23rd Ed. | mg/L          | {"max": 0.5, "min": 0, "type": "numeric"}                                                        | 2025-11-28 01:15:28.158927+00 | 2025-11-28 01:15:28.158927+00
 32271369-3f61-46c2-aa0d-53770e2a61a0 | Bilirubin, Total        | 00000000-0000-0000-0000-000000000005 | Clinical Biochemistry     | mg/dL         | {"max": 30, "min": 0, "type": "numeric"}                                                         | 2025-11-28 01:15:28.196122+00 | 2025-11-28 01:15:28.196122+00
 e18adff6-eef7-440b-bf59-0003437550d7 | Cadmium                 | 00000000-0000-0000-0000-000000000003 | Standard Methods 23rd Ed. | mg/L          | {"max": 0.1, "min": 0, "type": "numeric"}                                                        | 2025-11-28 01:15:28.158927+00 | 2025-11-28 01:15:28.158927+00
 d34bf61a-78b8-4487-b186-a0a04e68da0d | Calcium                 | 00000000-0000-0000-0000-000000000003 | Standard Methods 23rd Ed. | mg/L          | {"max": 500, "min": 0, "type": "numeric"}                                                        | 2025-11-28 01:15:28.158927+00 | 2025-11-28 01:15:28.158927+00
 ab97aa54-851a-4592-8820-48a7fa4d49d6 | Chromium                | 00000000-0000-0000-0000-000000000003 | Standard Methods 23rd Ed. | mg/L          | {"max": 5, "min": 0, "type": "numeric"}                                                          | 2025-11-28 01:15:28.158927+00 | 2025-11-28 01:15:28.158927+00
 eeeeeeee-eeee-eeee-eeee-eeeeeeeeeeee | Coliform tß╗òng sß╗æ        | cccccccc-cccc-cccc-cccc-cccccccccccc | Ph╞░╞íng ph├íp Vi sinh       | CFU/100mL     | {"min": 0, "dataType": "numeric"}                                                                | 2025-11-28 06:52:50.844316+00 | 2025-11-28 06:52:50.844316+00
 10000000-0000-0000-0000-000000000005 | Conductivity            | 00000000-0000-0000-0000-000000000001 | EPA Method 150.1          | ┬╡S/cm         | {"max": 50000, "min": 0, "type": "numeric", "required": true}                                    | 2025-11-27 04:05:12.874176+00 | 2025-11-27 04:05:12.874176+00
 f23ccd6a-bfdc-45a0-80e6-e7a8fefebfa9 | Copper                  | 00000000-0000-0000-0000-000000000003 | Standard Methods 23rd Ed. | mg/L          | {"max": 10, "min": 0, "type": "numeric"}                                                         | 2025-11-28 01:15:28.158927+00 | 2025-11-28 01:15:28.158927+00
 ce1ba402-dfba-43f7-aee4-a7eb5ec3ea25 | Creatinine              | 00000000-0000-0000-0000-000000000005 | Clinical Biochemistry     | mg/dL         | {"max": 20, "min": 0, "type": "numeric"}                                                         | 2025-11-28 01:15:28.196122+00 | 2025-11-28 01:15:28.196122+00
 10000000-0000-0000-0000-000000000004 | Free Chlorine           | 00000000-0000-0000-0000-000000000002 | EPA Method 300.0          | mg/L          | {"max": 10, "min": 0, "type": "numeric", "required": true}                                       | 2025-11-27 04:05:12.874176+00 | 2025-11-27 04:05:12.874176+00
 2931f473-40bd-49a9-ab0f-d3e7c364a15b | Glucose (Fasting)       | 00000000-0000-0000-0000-000000000005 | Clinical Biochemistry     | mg/dL         | {"max": 1000, "min": 0, "type": "numeric"}                                                       | 2025-11-28 01:15:28.196122+00 | 2025-11-28 01:15:28.196122+00
 3ae1cd77-0716-4b36-8da4-1abbe26b7be6 | HDL Cholesterol         | 00000000-0000-0000-0000-000000000005 | Clinical Biochemistry     | mg/dL         | {"max": 200, "min": 0, "type": "numeric"}                                                        | 2025-11-28 01:15:28.196122+00 | 2025-11-28 01:15:28.196122+00
 d8b80ec8-5282-4cf8-9d30-ccfb17611d66 | Hematocrit (Hct)        | 00000000-0000-0000-0000-000000000004 | Clinical Hematology       | %             | {"max": 100, "min": 0, "type": "numeric"}                                                        | 2025-11-28 01:15:28.196122+00 | 2025-11-28 01:15:28.196122+00
 565e7b47-cf29-4784-bd66-df4b25b8463e | Hemoglobin (Hb)         | 00000000-0000-0000-0000-000000000004 | Clinical Hematology       | g/dL          | {"max": 25, "min": 0, "type": "numeric"}                                                         | 2025-11-28 01:15:28.196122+00 | 2025-11-28 01:15:28.196122+00
 fa4c4e53-d319-4b50-ba4b-8dcb195c419c | Iron                    | 00000000-0000-0000-0000-000000000003 | Standard Methods 23rd Ed. | mg/L          | {"max": 20, "min": 0, "type": "numeric"}                                                         | 2025-11-28 01:15:28.158927+00 | 2025-11-28 01:15:28.158927+00
 af262403-b79a-4b11-bfe3-0a35ab96b952 | LDL Cholesterol         | 00000000-0000-0000-0000-000000000005 | Clinical Biochemistry     | mg/dL         | {"max": 500, "min": 0, "type": "numeric"}                                                        | 2025-11-28 01:15:28.196122+00 | 2025-11-28 01:15:28.196122+00
 008b5780-4856-4112-8738-983c3115c3ef | Lead                    | 00000000-0000-0000-0000-000000000003 | Standard Methods 23rd Ed. | mg/L          | {"max": 0.5, "min": 0, "type": "numeric"}                                                        | 2025-11-28 01:15:28.158927+00 | 2025-11-28 01:15:28.158927+00
 89400da6-bf8b-4a41-b624-88f7010e738f | MCH                     | 00000000-0000-0000-0000-000000000004 | Clinical Hematology       | pg            | {"max": 50, "min": 15, "type": "numeric"}                                                        | 2025-11-28 01:15:28.196122+00 | 2025-11-28 01:15:28.196122+00
 bb780a23-2e26-419c-9477-2a112e186a15 | MCHC                    | 00000000-0000-0000-0000-000000000004 | Clinical Hematology       | g/dL          | {"max": 40, "min": 20, "type": "numeric"}                                                        | 2025-11-28 01:15:28.196122+00 | 2025-11-28 01:15:28.196122+00
 2069cfdb-d127-47e6-bc9a-9f0dcbdb8186 | MCV                     | 00000000-0000-0000-0000-000000000004 | Clinical Hematology       | fL            | {"max": 150, "min": 50, "type": "numeric"}                                                       | 2025-11-28 01:15:28.196122+00 | 2025-11-28 01:15:28.196122+00
 4b1ca240-5af7-47fa-88ff-b9912477c05f | Magnesium               | 00000000-0000-0000-0000-000000000003 | Standard Methods 23rd Ed. | mg/L          | {"max": 500, "min": 0, "type": "numeric"}                                                        | 2025-11-28 01:15:28.158927+00 | 2025-11-28 01:15:28.158927+00
 3a37d759-ec7f-4d08-b1f3-791f8d0b073e | Manganese               | 00000000-0000-0000-0000-000000000003 | Standard Methods 23rd Ed. | mg/L          | {"max": 5, "min": 0, "type": "numeric"}                                                          | 2025-11-28 01:15:28.158927+00 | 2025-11-28 01:15:28.158927+00
 f888d142-4ab7-45e1-b923-5b6eef9f5ea5 | Mercury                 | 00000000-0000-0000-0000-000000000003 | Standard Methods 23rd Ed. | mg/L          | {"max": 0.05, "min": 0, "type": "numeric"}                                                       | 2025-11-28 01:15:28.158927+00 | 2025-11-28 01:15:28.158927+00
 ffe67290-9f64-47c9-92e2-7714bd5d9bd9 | Nickel                  | 00000000-0000-0000-0000-000000000003 | Standard Methods 23rd Ed. | mg/L          | {"max": 5, "min": 0, "type": "numeric"}                                                          | 2025-11-28 01:15:28.158927+00 | 2025-11-28 01:15:28.158927+00
 39b3e5ad-cf19-48df-a2df-67a73ed41e86 | Platelet Count          | 00000000-0000-0000-0000-000000000004 | Clinical Hematology       | K/┬╡L          | {"max": 1000, "min": 0, "type": "numeric"}                                                       | 2025-11-28 01:15:28.196122+00 | 2025-11-28 01:15:28.196122+00
 2908512a-2459-4d15-9bcf-7086da8a8458 | RBC Count               | 00000000-0000-0000-0000-000000000004 | Clinical Hematology       | M/┬╡L          | {"max": 10, "min": 0, "type": "numeric"}                                                         | 2025-11-28 01:15:28.196122+00 | 2025-11-28 01:15:28.196122+00
 529b5153-a0a3-46fc-8b84-b6794e2f3ee4 | Selenium                | 00000000-0000-0000-0000-000000000003 | Standard Methods 23rd Ed. | mg/L          | {"max": 0.5, "min": 0, "type": "numeric"}                                                        | 2025-11-28 01:15:28.158927+00 | 2025-11-28 01:15:28.158927+00
 7aeb416c-d1e6-47b9-8bea-04bd6880fafd | Silver                  | 00000000-0000-0000-0000-000000000003 | Standard Methods 23rd Ed. | mg/L          | {"max": 1, "min": 0, "type": "numeric"}                                                          | 2025-11-28 01:15:28.158927+00 | 2025-11-28 01:15:28.158927+00
 7c53cb67-7304-4660-bfaa-37335524ef8c | Sodium                  | 00000000-0000-0000-0000-000000000003 | Standard Methods 23rd Ed. | mg/L          | {"max": 500, "min": 0, "type": "numeric"}                                                        | 2025-11-28 01:15:28.158927+00 | 2025-11-28 01:15:28.158927+00
 10000000-0000-0000-0000-000000000002 | Temperature             | 00000000-0000-0000-0000-000000000001 | EPA Method 150.1          | ┬░C            | {"max": 100, "min": -50, "type": "numeric", "required": true}                                    | 2025-11-27 04:05:12.874176+00 | 2025-11-27 04:05:12.874176+00
 32c12508-e731-4634-8a75-29fe5e77852a | Test JSONB Storage      |                                      |                           |               | {"max": 100, "min": 0, "units": "mg/L", "dataType": "numeric", "required": true, "precision": 2} | 2025-11-28 06:53:31.843643+00 | 2025-11-28 06:53:31.843643+00
 60da4cea-19ec-4e41-bbdf-570165ffaea9 | Thallium                | 00000000-0000-0000-0000-000000000003 | Standard Methods 23rd Ed. | mg/L          | {"max": 0.1, "min": 0, "type": "numeric"}                                                        | 2025-11-28 01:15:28.158927+00 | 2025-11-28 01:15:28.158927+00
 6adc6ab7-a45d-4326-9f28-74ff4567d7f7 | Thß╗¡ nghiß╗çm Test Tß╗▒ ─æß╗Öng | bbbbbbbb-bbbb-bbbb-bbbb-bbbbbbbbbbbb | Ph╞░╞íng ph├íp Sß║»c k├╜        | mg/L          | {"max": 1000, "min": 0, "precision": 2}                                                          | 2025-11-28 06:53:30.85407+00  | 2025-11-28 06:53:30.85407+00
 c564c878-e998-4b75-9e1c-6dcbed1de40d | Thß╗¡ nghiß╗çm Tß╗æi thiß╗âu    |                                      |                           |               | {}                                                                                               | 2025-11-28 06:53:31.43653+00  | 2025-11-28 06:53:31.43653+00
 ee3fd51c-158d-4f62-ad18-48f64cd6c2d5 | Total Cholesterol       | 00000000-0000-0000-0000-000000000005 | Clinical Biochemistry     | mg/dL         | {"max": 1000, "min": 0, "type": "numeric"}                                                       | 2025-11-28 01:15:28.196122+00 | 2025-11-28 01:15:28.196122+00
 c3d39b08-a517-469d-a566-1eb4c6596a0c | Total Protein           | 00000000-0000-0000-0000-000000000005 | Clinical Biochemistry     | g/dL          | {"max": 15, "min": 0, "type": "numeric"}                                                         | 2025-11-28 01:15:28.196122+00 | 2025-11-28 01:15:28.196122+00
 3a7264b4-fa5d-48da-9733-967f8f5fff7d | Triglycerides           | 00000000-0000-0000-0000-000000000005 | Clinical Biochemistry     | mg/dL         | {"max": 2000, "min": 0, "type": "numeric"}                                                       | 2025-11-28 01:15:28.196122+00 | 2025-11-28 01:15:28.196122+00
 10000000-0000-0000-0000-000000000003 | Turbidity               | 00000000-0000-0000-0000-000000000001 | EPA Method 150.1          | NTU           | {"max": 1000, "min": 0, "type": "numeric", "required": true}                                     | 2025-11-27 04:05:12.874176+00 | 2025-11-27 04:05:12.874176+00
 f3e33674-eea3-43c8-a189-1b2d2c4ff4d7 | Urea Nitrogen (BUN)     | 00000000-0000-0000-0000-000000000005 | Clinical Biochemistry     | mg/dL         | {"max": 200, "min": 0, "type": "numeric"}                                                        | 2025-11-28 01:15:28.196122+00 | 2025-11-28 01:15:28.196122+00
 7757a5fa-cd08-44e6-a439-1433dc8d9ed8 | WBC Count               | 00000000-0000-0000-0000-000000000004 | Clinical Hematology       | K/┬╡L          | {"max": 100, "min": 0, "type": "numeric"}                                                        | 2025-11-28 01:15:28.196122+00 | 2025-11-28 01:15:28.196122+00
 b8bc0a45-4af9-4658-9bb8-8b6aac08b8c3 | Zinc                    | 00000000-0000-0000-0000-000000000003 | Standard Methods 23rd Ed. | mg/L          | {"max": 20, "min": 0, "type": "numeric"}                                                         | 2025-11-28 01:15:28.158927+00 | 2025-11-28 01:15:28.158927+00
 10000000-0000-0000-0000-000000000001 | pH                      | 00000000-0000-0000-0000-000000000001 | EPA Method 150.1          | S.U.          | {"max": 14, "min": 0, "type": "numeric", "required": true}                                       | 2025-11-27 04:05:12.874176+00 | 2025-11-27 04:05:12.874176+00
 dddddddd-dddd-dddd-dddd-dddddddddddd | ─Éß╗Ö pH                   | aaaaaaaa-aaaa-aaaa-aaaa-aaaaaaaaaaaa | Ph╞░╞íng ph├íp Chuß║⌐n ─æß╗Ö      | pH            | {"max": 14, "min": 0}                                                                            | 2025-11-28 06:52:50.844316+00 | 2025-11-28 06:52:50.844316+00
 ffffffff-ffff-ffff-ffff-ffffffffffff | ─Éß╗Ö ─æß╗Ñc (─æ├ú cß║¡p nhß║¡t)    |                                      |                           | NTU (updated) | {"max": 500, "min": 0}                                                                           | 2025-11-28 06:52:50.844316+00 | 2025-11-28 06:53:31.458152+00
(51 rows)

Time: 4.132 ms

Expected: 3 rows (pH, Coliform, ─Éß╗Ö ─æß╗Ñc) - NOT the deleted assay

NOTICE:  Γ£ô TEST 1 PASSED: Found 51 active assay definitions
DO
Time: 1.417 ms

============================================================================
TEST 2: Get Assay Definition By ID (getAssayDefinitionById)
============================================================================
                  id                  | name  |              method_id               |     method_name      | units |   validation_rules    |          created_at           |          updated_at           
--------------------------------------+-------+--------------------------------------+----------------------+-------+-----------------------+-------------------------------+-------------------------------
 dddddddd-dddd-dddd-dddd-dddddddddddd | ─Éß╗Ö pH | aaaaaaaa-aaaa-aaaa-aaaa-aaaaaaaaaaaa | Ph╞░╞íng ph├íp Chuß║⌐n ─æß╗Ö | pH    | {"max": 14, "min": 0} | 2025-11-28 06:52:50.844316+00 | 2025-11-28 06:52:50.844316+00
(1 row)

Time: 0.677 ms

Expected: 1 row (─Éß╗Ö pH with method Ph╞░╞íng ph├íp Chuß║⌐n ─æß╗Ö)

DO
Time: 0.630 ms

NOTICE:  Γ£ô TEST 2 PASSED: Retrieved correct assay: ─Éß╗Ö pH
NOTICE:  Γ£ô TEST 3 PASSED: Soft-deleted assay correctly excluded
NOTICE:  Γ£ô TEST 4 PASSED: Created new assay with ID: edf39ca6-1e29-4731-8602-c15ee4f091f8
============================================================================
TEST 3: Soft-Deleted Assay Not Retrieved
============================================================================
 id | name | deleted_at 
----+------+------------
(0 rows)

Time: 0.389 ms

Expected: 0 rows (soft-deleted assay should not be returned)

DO
Time: 0.733 ms

============================================================================
TEST 4: Create Assay Definition (createAssayDefinition)
============================================================================
DO
Time: 31.475 ms

                  id                  |          name           | units |            validation_rules             
--------------------------------------+-------------------------+-------+-----------------------------------------
 6adc6ab7-a45d-4326-9f28-74ff4567d7f7 | Thß╗¡ nghiß╗çm Test Tß╗▒ ─æß╗Öng | mg/L  | {"max": 1000, "min": 0, "precision": 2}
 edf39ca6-1e29-4731-8602-c15ee4f091f8 | Thß╗¡ nghiß╗çm Test Tß╗▒ ─æß╗Öng | mg/L  | {"max": 1000, "min": 0, "precision": 2}
(2 rows)

Time: 0.643 ms

============================================================================
TEST 5: Create Assay with Minimal Data
============================================================================
NOTICE:  Γ£ô TEST 5 PASSED: Minimal assay created with correct defaults
DO
Time: 5.131 ms

============================================================================
TEST 6: Update Assay Definition (updateAssayDefinition)
============================================================================
NOTICE:  Γ£ô TEST 6 PASSED: Assay updated, updated_at changed from 2025-11-28 06:53:31.458152+00 to 2025-11-28 06:53:42.98463+00
DO
NOTICE:  Γ£ô TEST 7 PASSED: Found 3 results using this assay - deletion should be prevented
Time: 164.965 ms

NOTICE:    (Server action would return error: "Kh├┤ng thß╗â x├│a chß╗ë ti├¬u n├áy v├¼ ─æang ─æ╞░ß╗úc sß╗¡ dß╗Ñng...")
                  id                  |         name         |     units     |    validation_rules    |          updated_at          
--------------------------------------+----------------------+---------------+------------------------+------------------------------
 ffffffff-ffff-ffff-ffff-ffffffffffff | ─Éß╗Ö ─æß╗Ñc (─æ├ú cß║¡p nhß║¡t) | NTU (updated) | {"max": 500, "min": 0} | 2025-11-28 06:53:42.98463+00
(1 row)

Time: 0.542 ms

============================================================================
TEST 7: Prevent Deletion of Assay In Use (deleteAssayDefinition validation)
============================================================================
DO
Time: 1.313 ms

============================================================================
TEST 8: Soft Delete Unused Assay (deleteAssayDefinition)
============================================================================
NOTICE:  Created test assay: 3a3622a0-e425-4c06-a181-ab817acf6377
NOTICE:  Γ£ô TEST 8 PASSED: Soft deleted assay at 2025-11-28 06:53:43.15189+00
NOTICE:    Verified: Record still exists with deleted_at set
NOTICE:  Γ£ô TEST 9 PASSED: Found 8 active methods
DO
Time: 43.024 ms

============================================================================
TEST 9: Get All Methods (getMethods)
============================================================================
                  id                  |           name            |                         description                          
--------------------------------------+---------------------------+--------------------------------------------------------------
 00000000-0000-0000-0000-000000000005 | Clinical Biochemistry     | Serum Chemistry Analysis
 00000000-0000-0000-0000-000000000004 | Clinical Hematology       | Standard Hematology Analyzer Protocol
 00000000-0000-0000-0000-000000000001 | EPA Method 150.1          | Standard pH Measurement
 00000000-0000-0000-0000-000000000002 | EPA Method 300.0          | Determination of Inorganic Anions by Ion Chromatography
 aaaaaaaa-aaaa-aaaa-aaaa-aaaaaaaaaaaa | Ph╞░╞íng ph├íp Chuß║⌐n ─æß╗Ö      | Chuß║⌐n ─æß╗Ö axit-base
 bbbbbbbb-bbbb-bbbb-bbbb-bbbbbbbbbbbb | Ph╞░╞íng ph├íp Sß║»c k├╜        | HPLC/GC
 cccccccc-cccc-cccc-cccc-cccccccccccc | Ph╞░╞íng ph├íp Vi sinh       | Nu├┤i cß║Ñy vi sinh vß║¡t
 00000000-0000-0000-0000-000000000003 | Standard Methods 23rd Ed. | Standard Methods for the Examination of Water and Wastewater
(8 rows)

Time: 0.684 ms

Expected: 3 methods (Chuß║⌐n ─æß╗Ö, Sß║»c k├╜, Vi sinh)

DO
Time: 0.758 ms

============================================================================
TEST 10: Foreign Key Constraint on method_id
============================================================================
NOTICE:  Γ£ô TEST 10 PASSED: Foreign key constraint correctly enforced
NOTICE:    (Cannot insert assay with non-existent method_id)
DO
NOTICE:  Γ£ô TEST 11 PASSED: JSONB stored and retrieved correctly
Time: 8.666 ms

NOTICE:    Retrieved: {"max": 100, "min": 0, "units": "mg/L", "dataType": "numeric", "required": true, "precision": 2}
============================================================================
TEST 11: JSONB Validation Rules Storage
============================================================================
DO
Time: 17.328 ms

============================================================================
TEST 12: updated_at Trigger Functionality
============================================================================
NOTICE:  Initial updated_at: 2025-11-28 06:53:43.223359+00
Time: 101.582 ms
NOTICE:  After update: 2025-11-28 06:53:43.223359+00
ERROR:  Γ£ù TEST 12 FAILED: updated_at not updated by trigger
CONTEXT:  PL/pgSQL function inline_code_block line 28 at RAISE
